../STM32_WPAN/App/eigen_activities.c:92:6:Determine_RawData	16	static
../STM32_WPAN/App/eigen_activities.c:103:6:Determine_Activities	72	static
../STM32_WPAN/App/eigen_activities.c:256:9:Get_Y_Axis_Orientation	16	static
../STM32_WPAN/App/eigen_activities.c:269:9:Get_XY_Axis_Orientation	16	static
../STM32_WPAN/App/eigen_activities.c:290:6:Count_Jumps	16	static
../STM32_WPAN/App/eigen_activities.c:385:6:Count_Runs	16	static
../STM32_WPAN/App/eigen_activities.c:474:6:Count_WalkingSteps	16	static
../STM32_WPAN/App/eigen_activities.c:537:6:Count_WalkingSteps_And_Squats	24	static
../STM32_WPAN/App/eigen_activities.c:736:6:Count_Situps	24	static
../STM32_WPAN/App/eigen_activities.c:801:6:Count_Pushups	24	static
../STM32_WPAN/App/eigen_activities.c:846:6:Detect_Fall	24	static
../STM32_WPAN/App/eigen_activities.c:964:9:Get_Posture	16	static
../STM32_WPAN/App/eigen_activities.c:1066:9:Get_Short_Term_Activity_Level	4	static
../STM32_WPAN/App/eigen_activities.c:1098:9:Get_Long_Term_Activity_Level	16	static
../STM32_WPAN/App/eigen_activities.c:1132:6:Get_maxAbsoluteOverallAcceleration_And_sumMeanAbsoluteOverallAcceleration	40	static
../STM32_WPAN/App/eigen_activities.c:1164:6:Get_Average_Speed	16	static
../STM32_WPAN/App/eigen_activities.c:1174:6:Save_Data	64	static
../STM32_WPAN/App/eigen_activities.c:1268:10:Get_Number_Saved_Data	4	static
../STM32_WPAN/App/eigen_activities.c:1280:6:Move_NextOut	8	static
../STM32_WPAN/App/eigen_activities.c:1294:6:Move_NextIn	8	static
