../STM32_WPAN/App/eigen_activities.c:92:6:Determine_RawData	16	static
../STM32_WPAN/App/eigen_activities.c:103:6:Determine_Activities	72	static
../STM32_WPAN/App/eigen_activities.c:258:9:Get_Y_Axis_Orientation	16	static
../STM32_WPAN/App/eigen_activities.c:271:9:Get_XY_Axis_Orientation	16	static
../STM32_WPAN/App/eigen_activities.c:292:6:Count_Jumps	16	static
../STM32_WPAN/App/eigen_activities.c:387:6:Count_Runs	16	static
../STM32_WPAN/App/eigen_activities.c:476:6:Count_WalkingSteps	16	static
../STM32_WPAN/App/eigen_activities.c:539:6:Count_WalkingSteps_And_Squats	24	static
../STM32_WPAN/App/eigen_activities.c:738:6:Count_Situps	24	static
../STM32_WPAN/App/eigen_activities.c:803:6:Count_Pushups	24	static
../STM32_WPAN/App/eigen_activities.c:848:6:Detect_Fall	24	static
../STM32_WPAN/App/eigen_activities.c:966:9:Get_Posture	16	static
../STM32_WPAN/App/eigen_activities.c:1068:9:Get_Short_Term_Activity_Level	4	static
../STM32_WPAN/App/eigen_activities.c:1100:9:Get_Long_Term_Activity_Level	16	static
../STM32_WPAN/App/eigen_activities.c:1134:6:Get_maxAbsoluteOverallAcceleration_And_sumMeanAbsoluteOverallAcceleration	40	static
../STM32_WPAN/App/eigen_activities.c:1166:6:Get_Average_Speed	16	static
../STM32_WPAN/App/eigen_activities.c:1176:6:Save_Data	64	static
../STM32_WPAN/App/eigen_activities.c:1270:10:Get_Number_Saved_Data	4	static
../STM32_WPAN/App/eigen_activities.c:1282:6:Move_NextOut	8	static
../STM32_WPAN/App/eigen_activities.c:1296:6:Move_NextIn	8	static
